[2026/02/04 15:53:24] [info] checkParameter.go:120 (0) [C_check_Options] read and check if the options are correct
[2026/02/04 15:53:24] [info] checkParameter.go:291 (0) [C_check_Options] All options check have passed
[2026/02/04 15:53:24] [info] schema_table_access_permissions.go:20 (1) Retrieving global privileges for source and target databases
[2026/02/04 15:53:24] [info] schema_table_access_permissions.go:40 (1) Global privileges checksum completed for both databases
[2026/02/04 15:53:24] [info] schema_tab_struct.go:1295 (3) Obtain schema.table info
[2026/02/04 15:53:24] [info] schema_tab_struct.go:1706 (3) Obtain schema.table [sbtest.t1:sbtest.t1 sbtest.t3:sbtest.t3 sbtest.t5:sbtest.t5 sbtest.t6:sbtest.t6] success, num [4].
[2026/02/04 15:53:24] [info] schema_tab_struct.go:1004 (9)  Table structure validation completed
[2026/02/04 15:53:24] [info] schema_table_access_permissions.go:55 (19) Retrieving table access privileges for both databases
[2026/02/04 15:53:24] [info] schema_table_access_permissions.go:167 (19) Table access checksum completed - Consistent tables: 4 ([sbtest.t3:sbtest.t3 sbtest.t5:sbtest.t5 sbtest.t6:sbtest.t6 sbtest.t1:sbtest.t1]), Inconsistent tables: 0 ([])
[2026/02/04 15:53:24] [info] schema_tab_struct.go:1733 (21) Start to obtain the metadata information of the source-target verification table ...
[2026/02/04 15:53:24] [info] schema_tab_struct.go:1814 (21) The metadata information of the source target verification table has been obtained
[2026/02/04 15:53:24] [info] schema_tab_struct.go:1829 (23) Start to query the table index listing information and select the appropriate index ...
[2026/02/04 15:53:24] [warn] schema_tab_struct.go:1921 (23) The source table sbtest.t1:sbtest.t1 has no index.
[2026/02/04 15:53:24] [info] schema_tab_struct.go:1940 (23) Table index listing information and appropriate index completion
[2026/02/04 15:53:24] [info] my_global_point.go:203 (27) Initializing target connection pool
[2026/02/04 15:53:24] [info] my_global_point.go:230 (27) MySQL target connection pool initialized
[2026/02/04 15:53:24] [info] my_global_point.go:203 (28) Initializing target connection pool
[2026/02/04 15:53:24] [info] my_global_point.go:230 (28) MySQL target connection pool initialized
[2026/02/04 15:53:24] [info] table_index_dispos.go:1570 (4965968104945154555) Applying repair statements to target table sbtest.t5
[2026/02/04 15:53:24] [info] table_index_dispos.go:274 (5599194872838285007) Generating query sequence for table sbtest.t5
[2026/02/04 15:53:24] [info] table_index_dispos.go:705 (4965968104945154555) Processing differences and generating repair statements for sbtest.t5
[2026/02/04 15:53:24] [info] table_index_dispos.go:305 (5599194872838285007) Query sequence generated for table sbtest.t5
[2026/02/04 15:53:24] [info] table_index_dispos.go:1570 (7516180870563053697) Applying repair statements to target table sbtest.t6
[2026/02/04 15:53:24] [info] table_index_dispos.go:705 (7516180870563053697) Processing differences and generating repair statements for sbtest.t6
[2026/02/04 15:53:24] [info] table_index_dispos.go:274 (6655152457952368280) Generating query sequence for table sbtest.t6
[2026/02/04 15:53:24] [info] table_index_dispos.go:305 (6655152457952368280) Query sequence generated for table sbtest.t6
[2026/02/04 15:53:24] [info] table_no_index_dispos.go:588 (8591526743055608080) Verifying data for table without index sbtest.t1
[2026/02/04 15:53:25] [info] table_no_index_dispos.go:675 (8591526743055608080) Data checksum completed for table without index sbtest.t1
[2026/02/04 15:53:25] [info] table_index_dispos.go:1570 (6510115216414353788) Applying repair statements to target table sbtest.t3
[2026/02/04 15:53:25] [info] table_index_dispos.go:705 (6510115216414353788) Processing differences and generating repair statements for sbtest.t3
[2026/02/04 15:53:25] [info] table_index_dispos.go:274 (3279964750832817192) Generating query sequence for table sbtest.t3
[2026/02/04 15:53:25] [info] table_index_dispos.go:305 (3279964750832817192) Query sequence generated for table sbtest.t3
[2026/02/04 15:53:25] [info] gt-checksum.go:189 gt-checksum check object {data} complete !!!
